// Jest Snapshot v1, https://goo.gl/fbAQLP

exports[`<AudioPlayer /> renders correctly 1`] = `
<View
  style={
    {
      "backgroundColor": "#F8F8F8",
      "borderRadius": 8,
      "padding": 15,
    }
  }
>
  <Text
    style={
      {
        "padding": 3,
      }
    }
  >
    Listen to the audio file here:
  </Text>
  <View
    style={
      {
        "height": 60,
        "width": "100%",
      }
    }
  >
    <View>
      <View
        style={
          {
            "display": "flex",
            "flexDirection": "row",
          }
        }
      >
        <View
          accessibilityState={
            {
              "busy": undefined,
              "checked": undefined,
              "disabled": undefined,
              "expanded": undefined,
              "selected": undefined,
            }
          }
          accessibilityValue={
            {
              "max": undefined,
              "min": undefined,
              "now": undefined,
              "text": undefined,
            }
          }
          accessible={true}
          collapsable={false}
          focusable={true}
          onBlur={[Function]}
          onClick={[Function]}
          onFocus={[Function]}
          onResponderGrant={[Function]}
          onResponderMove={[Function]}
          onResponderRelease={[Function]}
          onResponderTerminate={[Function]}
          onResponderTerminationRequest={[Function]}
          onStartShouldSetResponder={[Function]}
        >
          <Text
            allowFontScaling={false}
            selectable={false}
            style={
              [
                {
                  "color": "#C5DFC5",
                  "fontSize": 50,
                },
                undefined,
                {
                  "fontFamily": "ionicons",
                  "fontStyle": "normal",
                  "fontWeight": "normal",
                },
                {},
              ]
            }
          >
            ï‘¹
          </Text>
        </View>
      </View>
    </View>
  </View>
  <View>
    <View
      accessibilityRole="progressbar"
      accessibilityState={
        {
          "busy": true,
        }
      }
      accessibilityValue={
        {
          "max": 100,
          "min": 0,
          "now": 0,
        }
      }
      accessible={true}
      onLayout={[Function]}
      style={false}
    >
      <View
        collapsable={false}
        style={
          {
            "backgroundColor": "rgba(231, 224, 236, 1)",
            "height": 4,
            "opacity": 0,
            "overflow": "hidden",
          }
        }
      />
    </View>
  </View>
</View>
`;
