// Jest Snapshot v1, https://goo.gl/fbAQLP

exports[`<CachedImage /> renders correctly 1`] = `
<Image
  source={
    {
      "uri": null,
    }
  }
/>
`;
