// Jest Snapshot v1, https://goo.gl/fbAQLP

exports[`<Past /> renders correctly 1`] = `null`;
